// Jest Snapshot v1, https://goo.gl/fbAQLP

exports[`<PageNumber /> Should render and match the snapshot 1`] = `
<button
  class="StyledPageNumber-i0djol-0 iLcHaD"
/>
`;
