// Jest Snapshot v1, https://goo.gl/fbAQLP

exports[`<Footer /> should render and match the snapshot 1`] = `
<footer
  className="Wrapper-wcfdfo-0 dPvBog"
>
  <section>
    <span>
      
      Built by Jason Matthias. 
      <a
        className="A-br8h0y-0 dwVNvo"
        href="https://github.com/japamat"
      >
        Check out the code
      </a>
      .
    
    </span>
  </section>
  <section>
    <span>
      
      Mock data generated from 
      <a
        className="A-br8h0y-0 dwVNvo"
        href="https://mockaroo.com/"
      >
        Mockaroo
      </a>
      .
    
    </span>
  </section>
</footer>
`;
