// Jest Snapshot v1, https://goo.gl/fbAQLP

exports[`<SlogansList /> Should render and match the snapshot 1`] = `
<div
  class="Wrapper-sc-1umgotm-0 cZQTKK"
>
  <ul
    class="Ul-mwnq6h-0 jcxXFy"
  >
    <li
      class="Wrapper-euo0oy-0 eSOOBp"
    >
      <div
        class="Item-sc-3y9mie-0 fKXSkT"
      >
        Oops, something went wrong!
      </div>
    </li>
  </ul>
</div>
`;
