// Jest Snapshot v1, https://goo.gl/fbAQLP

exports[`<Span /> Should render and match the snapshot 1`] = `
<span
  class="Span__StyledSpan-jqeibd-0 bycIJH"
/>
`;
